src/renderers/base_scene_renderer.ts(40,5): error TS2564: Property 'skyboxPipeline' has no initializer and is not definitely assigned in the constructor.
src/renderers/base_scene_renderer.ts(41,5): error TS2564: Property 'skyboxBindGroupLayout' has no initializer and is not definitely assigned in the constructor.
src/renderers/base_scene_renderer.ts(42,5): error TS2564: Property 'skyboxBindGroup' has no initializer and is not definitely assigned in the constructor.
src/renderers/base_scene_renderer.ts(47,5): error TS2564: Property 'volumetricPipeline' has no initializer and is not definitely assigned in the constructor.
src/renderers/base_scene_renderer.ts(48,5): error TS2564: Property 'volumetricBindGroupLayout' has no initializer and is not definitely assigned in the constructor.
src/renderers/base_scene_renderer.ts(51,5): error TS2564: Property 'volumetricCompositePipeline' has no initializer and is not definitely assigned in the constructor.
src/renderers/base_scene_renderer.ts(52,5): error TS2564: Property 'volumetricCompositeBindGroupLayout' has no initializer and is not definitely assigned in the constructor.
